[    0.000000] Linux version 4.15.0-74-generic (buildd@lcy01-amd64-022) (gcc version 7.4.0 (Ubuntu 7.4.0-1ubuntu1~18.04.1)) #84-Ubuntu SMP Thu Dec 19 08:06:28 UTC 2019 (Ubuntu 4.15.0-74.84-generic 4.15.18)
[    0.000000] Command line: BOOT_IMAGE=/boot/vmlinuz-4.15.0-74-generic root=LABEL=cloudimg-rootfs ro console=tty1 console=ttyS0
[    0.000000] KERNEL supported cpus:
[    0.000000]   Intel GenuineIntel
[    0.000000]   AMD AuthenticAMD
[    0.000000]   Centaur CentaurHauls
[    0.000000] x86/fpu: Supporting XSAVE feature 0x001: 'x87 floating point registers'
[    0.000000] x86/fpu: Supporting XSAVE feature 0x002: 'SSE registers'
[    0.000000] x86/fpu: Supporting XSAVE feature 0x004: 'AVX registers'
[    0.000000] x86/fpu: xstate_offset[2]:  576, xstate_sizes[2]:  256
[    0.000000] x86/fpu: Enabled xstate features 0x7, context size is 832 bytes, using 'standard' format.
[    0.000000] e820: BIOS-provided physical RAM map:
[    0.000000] BIOS-e820: [mem 0x0000000000000000-0x000000000009fbff] usable
[    0.000000] BIOS-e820: [mem 0x000000000009fc00-0x000000000009ffff] reserved
[    0.000000] BIOS-e820: [mem 0x00000000000f0000-0x00000000000fffff] reserved
[    0.000000] BIOS-e820: [mem 0x0000000000100000-0x000000003ffeffff] usable
[    0.000000] BIOS-e820: [mem 0x000000003fff0000-0x000000003fffffff] ACPI data
[    0.000000] BIOS-e820: [mem 0x00000000fec00000-0x00000000fec00fff] reserved
[    0.000000] BIOS-e820: [mem 0x00000000fee00000-0x00000000fee00fff] reserved
[    0.000000] BIOS-e820: [mem 0x00000000fffc0000-0x00000000ffffffff] reserved
[    0.000000] NX (Execute Disable) protection: active
[    0.000000] SMBIOS 2.5 present.
[    0.000000] DMI: innotek GmbH VirtualBox/VirtualBox, BIOS VirtualBox 12/01/2006
[    0.000000] Hypervisor detected: KVM
[    0.000000] e820: last_pfn = 0x3fff0 max_arch_pfn = 0x400000000
[    0.000000] MTRR: Disabled
[    0.000000] x86/PAT: MTRRs disabled, skipping PAT initialization too.
[    0.000000] CPU MTRRs all blank - virtualized system.
[    0.000000] x86/PAT: Configuration [0-7]: WB  WT  UC- UC  WB  WT  UC- UC  
[    0.000000] found SMP MP-table at [mem 0x0009fff0-0x0009ffff]
[    0.000000] Scanning 1 areas for low memory corruption
[    0.000000] RAMDISK: [mem 0x35a6f000-0x36d2efff]
[    0.000000] ACPI: Early table checksum verification disabled
[    0.000000] ACPI: RSDP 0x00000000000E0000 000024 (v02 VBOX  )
[    0.000000] ACPI: XSDT 0x000000003FFF0030 00003C (v01 VBOX   VBOXXSDT 00000001 ASL  00000061)
[    0.000000] ACPI: FACP 0x000000003FFF00F0 0000F4 (v04 VBOX   VBOXFACP 00000001 ASL  00000061)
[    0.000000] ACPI: DSDT 0x000000003FFF0470 0022EA (v02 VBOX   VBOXBIOS 00000002 INTL 20100528)
[    0.000000] ACPI: FACS 0x000000003FFF0200 000040
[    0.000000] ACPI: FACS 0x000000003FFF0200 000040
[    0.000000] ACPI: APIC 0x000000003FFF0240 00005C (v02 VBOX   VBOXAPIC 00000001 ASL  00000061)
[    0.000000] ACPI: SSDT 0x000000003FFF02A0 0001CC (v01 VBOX   VBOXCPUT 00000002 INTL 20100528)
[    0.000000] No NUMA configuration found
[    0.000000] Faking a node at [mem 0x0000000000000000-0x000000003ffeffff]
[    0.000000] NODE_DATA(0) allocated [mem 0x3ffc5000-0x3ffeffff]
[    0.000000] kvm-clock: cpu 0, msr 0:3ff44001, primary cpu clock
[    0.000000] kvm-clock: Using msrs 4b564d01 and 4b564d00
[    0.000000] kvm-clock: using sched offset of 3875485890 cycles
[    0.000000] clocksource: kvm-clock: mask: 0xffffffffffffffff max_cycles: 0x1cd42e4dffb, max_idle_ns: 881590591483 ns
[    0.000000] Zone ranges:
[    0.000000]   DMA      [mem 0x0000000000001000-0x0000000000ffffff]
[    0.000000]   DMA32    [mem 0x0000000001000000-0x000000003ffeffff]
[    0.000000]   Normal   empty
[    0.000000]   Device   empty
[    0.000000] Movable zone start for each node
[    0.000000] Early memory node ranges
[    0.000000]   node   0: [mem 0x0000000000001000-0x000000000009efff]
[    0.000000]   node   0: [mem 0x0000000000100000-0x000000003ffeffff]
[    0.000000] Reserved but unavailable: 98 pages
[    0.000000] Initmem setup node 0 [mem 0x0000000000001000-0x000000003ffeffff]
[    0.000000] ACPI: PM-Timer IO Port: 0x4008
[    0.000000] IOAPIC[0]: apic_id 2, version 32, address 0xfec00000, GSI 0-23
[    0.000000] ACPI: INT_SRC_OVR (bus 0 bus_irq 0 global_irq 2 dfl dfl)
[    0.000000] ACPI: INT_SRC_OVR (bus 0 bus_irq 9 global_irq 9 low level)
[    0.000000] Using ACPI (MADT) for SMP configuration information
[    0.000000] smpboot: Allowing 2 CPUs, 0 hotplug CPUs
[    0.000000] PM: Registered nosave memory: [mem 0x00000000-0x00000fff]
[    0.000000] PM: Registered nosave memory: [mem 0x0009f000-0x0009ffff]
[    0.000000] PM: Registered nosave memory: [mem 0x000a0000-0x000effff]
[    0.000000] PM: Registered nosave memory: [mem 0x000f0000-0x000fffff]
[    0.000000] e820: [mem 0x40000000-0xfebfffff] available for PCI devices
[    0.000000] Booting paravirtualized kernel on KVM
[    0.000000] clocksource: refined-jiffies: mask: 0xffffffff max_cycles: 0xffffffff, max_idle_ns: 7645519600211568 ns
[    0.000000] random: get_random_bytes called from start_kernel+0x99/0x4fd with crng_init=0
[    0.000000] setup_percpu: NR_CPUS:8192 nr_cpumask_bits:2 nr_cpu_ids:2 nr_node_ids:1
[    0.000000] percpu: Embedded 45 pages/cpu s147456 r8192 d28672 u1048576
[    0.000000] PV qspinlock hash table entries: 256 (order: 0, 4096 bytes)
[    0.000000] Built 1 zonelists, mobility grouping on.  Total pages: 257913
[    0.000000] Policy zone: DMA32
[    0.000000] Kernel command line: BOOT_IMAGE=/boot/vmlinuz-4.15.0-74-generic root=LABEL=cloudimg-rootfs ro console=tty1 console=ttyS0
[    0.000000] Memory: 983080K/1048120K available (12300K kernel code, 2481K rwdata, 4260K rodata, 2428K init, 2704K bss, 65040K reserved, 0K cma-reserved)
[    0.000000] SLUB: HWalign=64, Order=0-3, MinObjects=0, CPUs=2, Nodes=1
[    0.000000] Kernel/User page tables isolation: enabled
[    0.000000] ftrace: allocating 39322 entries in 154 pages
[    0.004000] Hierarchical RCU implementation.
[    0.004000] 	RCU restricting CPUs from NR_CPUS=8192 to nr_cpu_ids=2.
[    0.004000] 	Tasks RCU enabled.
[    0.004000] RCU: Adjusting geometry for rcu_fanout_leaf=16, nr_cpu_ids=2
[    0.004000] NR_IRQS: 524544, nr_irqs: 440, preallocated irqs: 16
[    0.004000] Console: colour VGA+ 80x25
[    0.004000] console [tty1] enabled
[    0.004000] console [ttyS0] enabled
[    0.004000] ACPI: Core revision 20170831
[    0.004000] ACPI: 2 ACPI AML tables successfully acquired and loaded
[    0.004000] APIC: Switch to symmetric I/O mode setup
[    0.004000] x2apic enabled
[    0.004000] Switched APIC routing to physical x2apic.
[    0.004000] ..TIMER: vector=0x30 apic1=0 pin1=2 apic2=-1 pin2=-1
[    0.004005] tsc: Detected 2712.002 MHz processor
[    0.005086] Calibrating delay loop (skipped) preset value.. 5424.00 BogoMIPS (lpj=10848008)
[    0.008005] pid_max: default: 32768 minimum: 301
[    0.008989] Security Framework initialized
[    0.009860] Yama: becoming mindful.
[    0.012035] AppArmor: AppArmor initialized
[    0.016077] Dentry cache hash table entries: 131072 (order: 8, 1048576 bytes)
[    0.017772] Inode-cache hash table entries: 65536 (order: 7, 524288 bytes)
[    0.019124] Mount-cache hash table entries: 2048 (order: 2, 16384 bytes)
[    0.020007] Mountpoint-cache hash table entries: 2048 (order: 2, 16384 bytes)
[    0.021896] Last level iTLB entries: 4KB 64, 2MB 8, 4MB 8
[    0.023081] Last level dTLB entries: 4KB 64, 2MB 0, 4MB 0, 1GB 4
[    0.024005] Spectre V1 : Mitigation: usercopy/swapgs barriers and __user pointer sanitization
[    0.025738] Spectre V2 : Mitigation: Full generic retpoline
[    0.026952] Spectre V2 : Spectre v2 / SpectreRSB mitigation: Filling RSB on context switch
[    0.028005] Speculative Store Bypass: Vulnerable
[    0.029057] MDS: Vulnerable: Clear CPU buffers attempted, no microcode
[    0.030562] Freeing SMP alternatives memory: 36K
[    0.142918] smpboot: CPU0: Intel(R) Core(TM) i5-7200U CPU @ 2.50GHz (family: 0x6, model: 0x8e, stepping: 0x9)
[    0.144000] Performance Events: unsupported p6 CPU model 142 no PMU driver, software events only.
[    0.144070] Hierarchical SRCU implementation.
[    0.146231] NMI watchdog: Perf event create on CPU 0 failed with -2
[    0.148004] NMI watchdog: Perf NMI watchdog permanently disabled
[    0.152073] smp: Bringing up secondary CPUs ...
[    0.153741] x86: Booting SMP configuration:
[    0.154979] .... node  #0, CPUs:      #1
[    0.004000] kvm-clock: cpu 1, msr 0:3ff44041, secondary cpu clock
[    0.159586] smp: Brought up 1 node, 2 CPUs
[    0.160007] smpboot: Max logical packages: 1
[    0.161224] smpboot: Total of 2 processors activated (10848.00 BogoMIPS)
[    0.164185] devtmpfs: initialized
[    0.164982] x86/mm: Memory block size: 128MB
[    0.166498] evm: security.selinux
[    0.168007] evm: security.SMACK64
[    0.168996] evm: security.SMACK64EXEC
[    0.170057] evm: security.SMACK64TRANSMUTE
[    0.171235] evm: security.SMACK64MMAP
[    0.172005] evm: security.apparmor
[    0.173004] evm: security.ima
[    0.173898] evm: security.capability
[    0.174901] clocksource: jiffies: mask: 0xffffffff max_cycles: 0xffffffff, max_idle_ns: 7645041785100000 ns
[    0.176025] futex hash table entries: 512 (order: 3, 32768 bytes)
[    0.183365] pinctrl core: initialized pinctrl subsystem
[    0.184192] RTC time: 15:17:47, date: 01/21/20
[    0.185270] NET: Registered protocol family 16
[    0.186397] audit: initializing netlink subsys (disabled)
[    0.188039] audit: type=2000 audit(1579619872.406:1): state=initialized audit_enabled=0 res=1
[    0.190048] cpuidle: using governor ladder
[    0.190048] cpuidle: using governor menu
[    0.192105] ACPI: bus type PCI registered
[    0.192955] acpiphp: ACPI Hot Plug PCI Controller Driver version: 0.5
[    0.194521] PCI: Using configuration type 1 for base access
[    0.197227] HugeTLB registered 2.00 MiB page size, pre-allocated 0 pages
[    0.200100] ACPI: Added _OSI(Module Device)
[    0.201171] ACPI: Added _OSI(Processor Device)
[    0.202385] ACPI: Added _OSI(3.0 _SCP Extensions)
[    0.203638] ACPI: Added _OSI(Processor Aggregator Device)
[    0.204006] ACPI: Added _OSI(Linux-Dell-Video)
[    0.205092] ACPI: Added _OSI(Linux-Lenovo-NV-HDMI-Audio)
[    0.206367] ACPI: Added _OSI(Linux-HPI-Hybrid-Graphics)
[    0.208363] ACPI: Executed 1 blocks of module-level executable AML code
[    0.214882] ACPI: Interpreter enabled
[    0.216040] ACPI: (supports S0 S5)
[    0.216896] ACPI: Using IOAPIC for interrupt routing
[    0.218402] PCI: Using host bridge windows from ACPI; if necessary, use "pci=nocrs" and report a bug
[    0.220230] ACPI: Enabled 2 GPEs in block 00 to 07
[    0.230461] ACPI: PCI Root Bridge [PCI0] (domain 0000 [bus 00-ff])
[    0.232014] acpi PNP0A03:00: _OSC: OS supports [ASPM ClockPM Segments MSI]
[    0.234508] acpi PNP0A03:00: _OSC: not requesting OS control; OS requires [ExtendedConfig ASPM ClockPM MSI]
[    0.236018] acpi PNP0A03:00: fail to add MMCONFIG information, can't access extended PCI configuration space under this bridge.
[    0.240454] PCI host bridge to bus 0000:00
[    0.241893] pci_bus 0000:00: root bus resource [io  0x0000-0x0cf7 window]
[    0.244008] pci_bus 0000:00: root bus resource [io  0x0d00-0xffff window]
[    0.246267] pci_bus 0000:00: root bus resource [mem 0x000a0000-0x000bffff window]
[    0.248008] pci_bus 0000:00: root bus resource [mem 0x40000000-0xfdffffff window]
[    0.252007] pci_bus 0000:00: root bus resource [bus 00-ff]
[    0.257116] pci 0000:00:01.1: legacy IDE quirk: reg 0x10: [io  0x01f0-0x01f7]
[    0.259442] pci 0000:00:01.1: legacy IDE quirk: reg 0x14: [io  0x03f6]
[    0.260006] pci 0000:00:01.1: legacy IDE quirk: reg 0x18: [io  0x0170-0x0177]
[    0.262391] pci 0000:00:01.1: legacy IDE quirk: reg 0x1c: [io  0x0376]
[    0.294048] pci 0000:00:07.0: quirk: [io  0x4000-0x403f] claimed by PIIX4 ACPI
[    0.296000] pci 0000:00:07.0: quirk: [io  0x4100-0x410f] claimed by PIIX4 SMB
[    0.310636] ACPI: PCI Interrupt Link [LNKA] (IRQs 5 9 10 *11)
[    0.312458] ACPI: PCI Interrupt Link [LNKB] (IRQs 5 9 *10 11)
[    0.314502] ACPI: PCI Interrupt Link [LNKC] (IRQs 5 *9 10 11)
[    0.316297] ACPI: PCI Interrupt Link [LNKD] (IRQs 5 9 10 *11)
[    0.318337] SCSI subsystem initialized
[    0.320061] pci 0000:00:02.0: vgaarb: setting as boot VGA device
[    0.321598] pci 0000:00:02.0: vgaarb: VGA device added: decodes=io+mem,owns=io+mem,locks=none
[    0.324009] pci 0000:00:02.0: vgaarb: bridge control possible
[    0.325386] vgaarb: loaded
[    0.326193] ACPI: bus type USB registered
[    0.327221] usbcore: registered new interface driver usbfs
[    0.328013] usbcore: registered new interface driver hub
[    0.329398] usbcore: registered new device driver usb
[    0.330977] EDAC MC: Ver: 3.0.0
[    0.332314] PCI: Using ACPI for IRQ routing
[    0.333617] NetLabel: Initializing
[    0.334480] NetLabel:  domain hash size = 128
[    0.336004] NetLabel:  protocols = UNLABELED CIPSOv4 CALIPSO
[    0.337293] NetLabel:  unlabeled traffic allowed by default
[    0.340117] clocksource: Switched to clocksource kvm-clock
[    0.361050] VFS: Disk quotas dquot_6.6.0
[    0.362475] VFS: Dquot-cache hash table entries: 512 (order 0, 4096 bytes)
[    0.364878] AppArmor: AppArmor Filesystem Enabled
[    0.366452] pnp: PnP ACPI init
[    0.369172] pnp: PnP ACPI: found 3 devices
[    0.381571] clocksource: acpi_pm: mask: 0xffffff max_cycles: 0xffffff, max_idle_ns: 2085701024 ns
[    0.384398] NET: Registered protocol family 2
[    0.386009] TCP established hash table entries: 8192 (order: 4, 65536 bytes)
[    0.388303] TCP bind hash table entries: 8192 (order: 5, 131072 bytes)
[    0.392268] TCP: Hash tables configured (established 8192 bind 8192)
[    0.395758] UDP hash table entries: 512 (order: 2, 16384 bytes)
[    0.397612] UDP-Lite hash table entries: 512 (order: 2, 16384 bytes)
[    0.399594] NET: Registered protocol family 1
[    0.400985] pci 0000:00:00.0: Limiting direct PCI/PCI transfers
[    0.402488] pci 0000:00:01.0: Activating ISA DMA hang workarounds
[    0.404464] pci 0000:00:02.0: Video device with shadowed ROM at [mem 0x000c0000-0x000dffff]
[    0.407062] Unpacking initramfs...
[    0.775157] Freeing initrd memory: 19200K
[    0.776556] clocksource: tsc: mask: 0xffffffffffffffff max_cycles: 0x2717880cafa, max_idle_ns: 440795252614 ns
[    0.779463] platform rtc_cmos: registered platform RTC device (no PNP device found)
[    0.781386] Scanning for low memory corruption every 60 seconds
[    0.783612] Initialise system trusted keyrings
[    0.784935] Key type blacklist registered
[    0.786054] workingset: timestamp_bits=36 max_order=18 bucket_order=0
[    0.788692] zbud: loaded
[    0.790125] squashfs: version 4.0 (2009/01/31) Phillip Lougher
[    0.791823] fuse init (API version 7.26)
[    0.796437] Key type asymmetric registered
[    0.797698] Asymmetric key parser 'x509' registered
[    0.798772] Block layer SCSI generic (bsg) driver version 0.4 loaded (major 246)
[    0.800449] io scheduler noop registered
[    0.801298] io scheduler deadline registered
[    0.802242] io scheduler cfq registered (default)
[    0.803732] ACPI: AC Adapter [AC] (on-line)
[    0.804737] input: Power Button as /devices/LNXSYSTM:00/LNXPWRBN:00/input/input0
[    0.806329] ACPI: Power Button [PWRF]
[    0.807297] input: Sleep Button as /devices/LNXSYSTM:00/LNXSLPBN:00/input/input1
[    0.808964] ACPI: Sleep Button [SLPF]
[    0.811066] ACPI: Battery Slot [BAT0] (battery present)
[    0.812433] Serial: 8250/16550 driver, 32 ports, IRQ sharing enabled
[    0.834623] 00:02: ttyS0 at I/O 0x3f8 (irq = 4, base_baud = 115200) is a 16550A
[    0.842520] Linux agpgart interface v0.103
[    0.847029] loop: module loaded
[    0.849106] scsi host0: ata_piix
[    0.850424] scsi host1: ata_piix
[    0.851683] ata1: PATA max UDMA/33 cmd 0x1f0 ctl 0x3f6 bmdma 0xd000 irq 14
[    0.853841] ata2: PATA max UDMA/33 cmd 0x170 ctl 0x376 bmdma 0xd008 irq 15
[    0.855892] libphy: Fixed MDIO Bus: probed
[    0.857159] tun: Universal TUN/TAP device driver, 1.6
[    0.858949] PPP generic driver version 2.4.2
[    0.860317] ehci_hcd: USB 2.0 'Enhanced' Host Controller (EHCI) Driver
[    0.862117] ehci-pci: EHCI PCI platform driver
[    0.863397] ehci-platform: EHCI generic platform driver
[    0.864903] ohci_hcd: USB 1.1 'Open' Host Controller (OHCI) Driver
[    0.866571] ohci-pci: OHCI PCI platform driver
[    0.867840] ohci-platform: OHCI generic platform driver
[    0.869348] uhci_hcd: USB Universal Host Controller Interface driver
[    0.871506] i8042: PNP: PS/2 Controller [PNP0303:PS2K,PNP0f03:PS2M] at 0x60,0x64 irq 1,12
[    0.875117] serio: i8042 KBD port at 0x60,0x64 irq 1
[    0.878001] serio: i8042 AUX port at 0x60,0x64 irq 12
[    0.879975] mousedev: PS/2 mouse device common for all mice
[    0.882602] input: AT Translated Set 2 keyboard as /devices/platform/i8042/serio0/input/input2
[    0.886102] rtc_cmos rtc_cmos: rtc core: registered rtc_cmos as rtc0
[    0.888676] rtc_cmos rtc_cmos: alarms up to one day, 114 bytes nvram
[    0.890649] i2c /dev entries driver
[    0.891810] device-mapper: uevent: version 1.0.3
[    0.893411] device-mapper: ioctl: 4.37.0-ioctl (2017-09-20) initialised: dm-devel@redhat.com
[    0.896258] ledtrig-cpu: registered to indicate activity on CPUs
[    0.898811] NET: Registered protocol family 10
[    0.905201] Segment Routing with IPv6
[    0.906444] NET: Registered protocol family 17
[    0.908233] Key type dns_resolver registered
[    0.910104] mce: Using 0 MCE banks
[    0.911287] RAS: Correctable Errors collector initialized.
[    0.913197] sched_clock: Marking stable (913166669, 0)->(1185262493, -272095824)
[    0.915910] registered taskstats version 1
[    0.917153] Loading compiled-in X.509 certificates
[    0.921701] Loaded X.509 cert 'Build time autogenerated kernel key: 62d24f9c726e026b112735485dad6e6e4b50c923'
[    0.924858] zswap: loaded using pool lzo/zbud
[    0.931198] Key type big_key registered
[    0.932542] Key type trusted registered
[    0.936610] Key type encrypted registered
[    0.938032] AppArmor: AppArmor sha1 policy hashing enabled
[    0.939905] ima: No TPM chip found, activating TPM-bypass! (rc=-19)
[    0.941711] ima: Allocated hash algorithm: sha1
[    0.942856] evm: HMAC attrs: 0x1
[    0.943935]   Magic number: 4:856:285
[    0.945192] rtc_cmos rtc_cmos: setting system clock to 2020-01-21 15:17:48 UTC (1579619868)
[    0.947231] BIOS EDD facility v0.16 2004-Jun-25, 0 devices found
[    0.948806] EDD information not available.
[    1.018833] Freeing unused kernel image memory: 2428K
[    1.032806] Write protecting the kernel read-only data: 20480k
[    1.035135] Freeing unused kernel image memory: 2008K
[    1.036891] Freeing unused kernel image memory: 1884K
[    1.047400] x86/mm: Checked W+X mappings: passed, no W+X pages found.
[    1.049095] x86/mm: Checking user space page tables
[    1.059818] x86/mm: Checked W+X mappings: passed, no W+X pages found.
Loading, please wait...
starting version 237
[    1.159521] e1000: Intel(R) PRO/1000 Network Driver - version 7.3.21-k8-NAPI
[    1.161745] e1000: Copyright (c) 1999-2006 Intel Corporation.
[    1.166904] Fusion MPT base driver 3.04.20
[    1.168459] Copyright (c) 1999-2008 LSI Corporation
[    1.185205] AVX2 version of gcm_enc/dec engaged.
[    1.186801] AES CTR mode by8 optimization enabled
[    1.195717] Fusion MPT SPI Host driver 3.04.20
[    1.370092] input: ImExPS/2 Generic Explorer Mouse as /devices/platform/i8042/serio1/input/input4
[    1.622529] e1000 0000:00:03.0 eth0: (PCI:33MHz:32-bit) 02:22:e7:1f:39:14
[    1.623943] e1000 0000:00:03.0 eth0: Intel(R) PRO/1000 Network Connection
[    1.627148] mptbase: ioc0: Initiating bringup
[    1.627263] e1000 0000:00:03.0 enp0s3: renamed from eth0
[    1.853989] ioc0: LSI53C1030 A0: Capabilities={Initiator}
[    3.693420] scsi host2: ioc0: LSI53C1030 A0, FwRev=00000000h, Ports=1, MaxQ=256, IRQ=20
[    4.134969] scsi 2:0:0:0: Direct-Access     VBOX     HARDDISK         1.0  PQ: 0 ANSI: 5
[    4.176304] scsi target2:0:0: Beginning Domain Validation
[    4.180009] scsi target2:0:0: Domain Validation skipping write tests
[    4.181808] scsi target2:0:0: Ending Domain Validation
[    4.183815] scsi target2:0:0: asynchronous
[    4.192204] scsi 2:0:1:0: Direct-Access     VBOX     HARDDISK         1.0  PQ: 0 ANSI: 5
[    4.817707] scsi target2:0:1: Beginning Domain Validation
[    4.825604] random: fast init done
[    4.829638] scsi target2:0:1: Domain Validation skipping write tests
[    4.835425] scsi target2:0:1: Ending Domain Validation
[    4.839815] scsi target2:0:1: asynchronous
[    4.854226] random: systemd-udevd: uninitialized urandom read (16 bytes read)
[    4.854330] sd 2:0:0:0: Attached scsi generic sg0 type 0
[    4.856985] random: systemd-udevd: uninitialized urandom read (16 bytes read)
[    4.859241] sd 2:0:1:0: Attached scsi generic sg1 type 0
[    4.860906] random: systemd-udevd: uninitialized urandom read (16 bytes read)
[    4.864831] sd 2:0:0:0: [sda] 20971520 512-byte logical blocks: (10.7 GB/10.0 GiB)
[    4.867377] sd 2:0:1:0: [sdb] 20480 512-byte logical blocks: (10.5 MB/10.0 MiB)
[    4.869527] sd 2:0:0:0: [sda] Write Protect is off
[    4.870974] sd 2:0:1:0: [sdb] Write Protect is off
[    4.872679] sd 2:0:0:0: [sda] Incomplete mode parameter data
[    4.874385] sd 2:0:0:0: [sda] Assuming drive cache: write through
[    4.874411] sd 2:0:1:0: [sdb] Incomplete mode parameter data
[    4.877528]  sda: sda1
[    4.882260] sd 2:0:1:0: [sdb] Assuming drive cache: write through
[    4.883856] sd 2:0:0:0: [sda] Attached SCSI disk
[    4.891912] sd 2:0:1:0: [sdb] Attached SCSI disk
Begin: Loading essential drivers ... [    6.584675] raid6: sse2x1   gen()  9721 MB/s
[    6.632496] raid6: sse2x1   xor()  7637 MB/s
[    6.680341] raid6: sse2x2   gen() 12740 MB/s
[    6.728156] raid6: sse2x2   xor()  8487 MB/s
[    6.776013] raid6: sse2x4   gen() 14709 MB/s
[    6.824792] raid6: sse2x4   xor()  9201 MB/s
[    6.872552] raid6: avx2x1   gen() 20556 MB/s
[    6.920427] raid6: avx2x1   xor() 14034 MB/s
[    6.968242] raid6: avx2x2   gen() 24900 MB/s
[    7.016058] raid6: avx2x2   xor() 16035 MB/s
[    7.064836] raid6: avx2x4   gen() 28482 MB/s
[    7.112246] raid6: avx2x4   xor() 12333 MB/s
[    7.114011] raid6: using algorithm avx2x4 gen() 28482 MB/s
[    7.115740] raid6: .... xor() 12333 MB/s, rmw enabled
[    7.117424] raid6: using avx2x2 recovery algorithm
[    7.120495] xor: automatically using best checksumming function   avx       
[    7.123803] async_tx: api initialized (async)
done.
Begin: Running /scripts/init-premount ... done.
Begin: Mounting root file system ... Begin: Running /scripts/local-top ... done.
Begin: Running /scripts/local-premount ... [    7.187039] Btrfs loaded, crc32c=crc32c-intel
Scanning for Btrfs filesystems
done.
Warning: fsck not present, so skipping root file system
[    7.222817] EXT4-fs (sda1): mounted filesystem with ordered data mode. Opts: (null)
done.
Begin: Running /scripts/local-bottom ... done.
Begin: Running /scripts/init-bottom ... done.
[    7.421349] ip_tables: (C) 2000-2006 Netfilter Core Team
[    7.431191] systemd[1]: systemd 237 running in system mode. (+PAM +AUDIT +SELINUX +IMA +APPARMOR +SMACK +SYSVINIT +UTMP +LIBCRYPTSETUP +GCRYPT +GNUTLS +ACL +XZ +LZ4 +SECCOMP +BLKID +ELFUTILS +KMOD -IDN2 +IDN -PCRE2 default-hierarchy=hybrid)
[    7.435550] systemd[1]: Detected virtualization oracle.
[    7.436776] systemd[1]: Detected architecture x86-64.

Welcome to [1mUbuntu 18.04.3 LTS[0m!

[    7.457575] systemd[1]: Set hostname to <ubuntu>.
[    7.464923] systemd[1]: Initializing machine ID from random generator.
[    7.466479] systemd[1]: Installed transient /etc/machine-id file.
[    7.773674] systemd[1]: Reached target User and Group Name Lookups.
[[0;32m  OK  [0m] Reached target User and Group Name Lookups.
[    7.790130] systemd[1]: Created slice System Slice.
[[0;32m  OK  [0m] Created slice System Slice.
[    7.791966] systemd[1]: Listening on /dev/initctl Compatibility Named Pipe.
[[0;32m  OK  [0m] Listening on /dev/initctl Compatibility Named Pipe.
[    7.794879] systemd[1]: Created slice system-serial\x2dgetty.slice.
[[0;32m  OK  [0m] Created slice system-serial\x2dgetty.slice.
[[0;32m  OK  [0m] Reached target System Time Synchronized.
[[0;32m  OK  [0m] Listening on LVM2 metadata daemon socket.
[[0;32m  OK  [0m] Listening on Network Service Netlink Socket.
[[0;32m  OK  [0m] Set up automount Arbitrary Executabâ€¦rmats File System Automount Point.
[[0;32m  OK  [0m] Listening on Device-mapper event daemon FIFOs.
[[0;32m  OK  [0m] Listening on Journal Socket.
         Starting Load Kernel Modules...
         Starting Uncomplicated firewall...
         Starting Set the console keyboard layout...
         Starting Monitoring of LVM2 mirrorsâ€¦ng dmeventd or progress polling...
         Starting Remount Root and Kernel File Systems...
[[0;32m  OK  [0m] Created slice User and Session Slice.
[[0;32m  OK  [0m] Reached target Slices.
[[0;32m  OK  [0m] Started Forward Password Requests to Wall Directory Watch.
[[0;32m  OK  [0m] Reached target Swap.
         Starting Create list of required stâ€¦ce nodes for the current kernel...
[[0;32m  OK  [0m] Listening on Journal Audit Socket.
         Mounting Huge Pages File System...
         Mounting Kernel Debug File System...
[[0;32m  OK  [0m] Listening on udev Control Socket.
[[0;32m  OK  [0m] Listening on udev Kernel Socket.
         Starting udev Coldplug all Devices...
[[0;32m  OK  [0m] Listening on Syslog Socket.
[[0;32m  OK  [0m] Listening on Journal Socket (/dev/log).
         Starting Journal Service...
         Mounting POSIX Message Queue File System...
[[0;32m  OK  [0m] Listening on LVM2 poll daemon socket.
[    7.913510] Loading iSCSI transport class v2.0-870.
[[0;32m  OK  [0m] Started Uncomplicated firewall.
[[0;32m  OK  [0m] Started Create list of required staâ€¦vice nodes for the current kernel.
         Starting Create Static Device Nodes in /dev...
[[0;32m  OK  [0m] Started LVM2 metadata daemon.
[[0;32m  OK  [0m] Mounted POSIX Message Queue File System.
[[0;32m  OK  [0m] Mounted Kernel Debug File System.
[    7.945024] EXT4-fs (sda1): re-mounted. Opts: (null)
[[0;32m  OK  [0m] Mounted Huge Pages File System.
[[0;32m  OK  [0m] Started Remount Root and Kernel File Systems.
[    7.964065] iscsi: registered transport (tcp)
[    7.985498] iscsi: registered transport (iser)
         Starting Load/Save Random Seed...
[[0;32m  OK  [0m] Started Load Kernel Modules.
[[0;32m  OK  [0m] Started Journal Service.
[[0;32m  OK  [0m] Started Create Static Device Nodes in /dev.
         Starting udev Kernel Device Manager...
         Starting Flush Journal to Persistent Storage...
         Starting Apply Kernel Variables...
         Mounting Kernel Configuration File System...
         Mounting FUSE Control File System...
[[0;32m  OK  [0m] Started Monitoring of LVM2 mirrors,â€¦sing dmeventd or progress polling.
[[0;32m  OK  [0m] Started Load/Save Random Seed.
[[0;32m  OK  [0m] Mounted Kernel Configuration File System.
[[0;32m  OK  [0m] Mounted FUSE Control File System.
[[0;32m  OK  [0m] Started udev Coldplug all Devices.
[[0;32m  OK  [0m] Started udev Kernel Device Manager.
[[0;32m  OK  [0m] Started Apply Kernel Variables.
[[0;32m  OK  [0m] Started Flush Journal to Persistent Storage.
[[0;32m  OK  [0m] Started Set the console keyboard layout.
[[0;32m  OK  [0m] Reached target Local File Systems (Pre).
[[0;32m  OK  [0m] Reached target Local File Systems.
         Starting Tell Plymouth To Write Out Runtime Data...
         Starting AppArmor initialization...
         Starting Commit a transient machine-id on disk...
         Starting Set console font and keymap...
         Starting Create Volatile Files and Directories...
         Starting ebtables ruleset management...
[[0;32m  OK  [0m] Started Dispatch Password Requests to Console Directory Watch.
[[0;32m  OK  [0m] Reached target Local Encrypted Volumes.
[[0;32m  OK  [0m] Started Tell Plymouth To Write Out Runtime Data.
[[0;32m  OK  [0m] Started Set console font and keymap.
[[0;32m  OK  [0m] Started Create Volatile Files and Directories.
         Starting Update UTMP about System Boot/Shutdown...
[[0;32m  OK  [0m] Started Update UTMP about System Boot/Shutdown.
[[0;32m  OK  [0m] Started Commit a transient machine-id on disk.
[[0;32m  OK  [0m] Started ebtables ruleset management.
[[0;32m  OK  [0m] Found device /dev/ttyS0.
[[0;32m  OK  [0m] Listening on Load/Save RF Kill Switch Status /dev/rfkill Watch.
[[0;32m  OK  [0m] Started AppArmor initialization.
         Starting Initial cloud-init job (pre-networking)...
[   11.853103] cloud-init[537]: Cloud-init v. 19.3-41-gc4735dd3-0ubuntu1~18.04.1 running 'init-local' at Tue, 21 Jan 2020 15:17:58 +0000. Up 11.30 seconds.
[[0;32m  OK  [0m] Started Initial cloud-init job (pre-networking).
[[0;32m  OK  [0m] Reached target Network (Pre).
         Starting Network Service...
[[0;32m  OK  [0m] Started Network Service.
         Starting Wait for Network to be Configured...
         Starting Network Name Resolution...
[[0;32m  OK  [0m] Started Network Name Resolution.
[[0;32m  OK  [0m] Reached target Network.
[[0;32m  OK  [0m] Reached target Host and Network Name Lookups.
[[0;32m  OK  [0m] Started Wait for Network to be Configured.
         Starting Initial cloud-init job (metadata service crawler)...
[   13.932091] cloud-init[663]: Cloud-init v. 19.3-41-gc4735dd3-0ubuntu1~18.04.1 running 'init' at Tue, 21 Jan 2020 15:18:01 +0000. Up 13.68 seconds.
[   13.933833] cloud-init[663]: ci-info: ++++++++++++++++++++++++++++++++++++++Net device info++++++++++++++++++++++++++++++++++++++
[   13.944354] cloud-init[663]: ci-info: +--------+------+----------------------------+---------------+--------+-------------------+
[   13.946547] cloud-init[663]: ci-info: | Device |  Up  |          Address           |      Mask     | Scope  |     Hw-Address    |
[   13.948725] cloud-init[663]: ci-info: +--------+------+----------------------------+---------------+--------+-------------------+
[   13.950995] cloud-init[663]: ci-info: | enp0s3 | True |         10.0.2.15          | 255.255.255.0 | global | 02:22:e7:1f:39:14 |
[   13.952752] cloud-init[663]: ci-info: | enp0s3 | True | fe80::22:e7ff:fe1f:3914/64 |       .       |  link  | 02:22:e7:1f:39:14 |
[   13.953874] cloud-init[663]: ci-info: |   lo   | True |         127.0.0.1          |   255.0.0.0   |  host  |         .         |
[   13.955333] cloud-init[663]: ci-info: |   lo   | True |          ::1/128           |       .       |  host  |         .         |
[   13.956124] cloud-init[663]: ci-info: +--------+------+----------------------------+---------------+--------+-------------------+
[   13.957808] cloud-init[663]: ci-info: ++++++++++++++++++++++++++++Route IPv4 info+++++++++++++++++++++++++++++
[   13.959490] cloud-init[663]: ci-info: +-------+-------------+----------+-----------------+-----------+-------+
[   13.961412] cloud-init[663]: ci-info: | Route | Destination | Gateway  |     Genmask     | Interface | Flags |
[   13.963151] cloud-init[663]: ci-info: +-------+-------------+----------+-----------------+-----------+-------+
[   13.965174] cloud-init[663]: ci-info: |   0   |   0.0.0.0   | 10.0.2.2 |     0.0.0.0     |   enp0s3  |   UG  |
[   13.966707] cloud-init[663]: ci-info: |   1   |   10.0.2.0  | 0.0.0.0  |  255.255.255.0  |   enp0s3  |   U   |
[   13.968318] cloud-init[663]: ci-info: |   2   |   10.0.2.2  | 0.0.0.0  | 255.255.255.255 |   enp0s3  |   UH  |
[   13.970351] cloud-init[663]: ci-info: +-------+-------------+----------+-----------------+-----------+-------+
[   13.972306] cloud-init[663]: ci-info: +++++++++++++++++++Route IPv6 info+++++++++++++++++++
[   13.973609] cloud-init[663]: ci-info: +-------+-------------+---------+-----------+-------+
[   13.974780] cloud-init[663]: ci-info: | Route | Destination | Gateway | Interface | Flags |
[   13.984228] cloud-init[663]: ci-info: +-------+-------------+---------+-----------+-------+
[   13.984893] cloud-init[663]: ci-info: |   1   |  fe80::/64  |    ::   |   enp0s3  |   U   |
[   13.986683] cloud-init[663]: ci-info: |   3   |    local    |    ::   |   enp0s3  |   U   |
[   13.987378] cloud-init[663]: ci-info: |   4   |   ff00::/8  |    ::   |   enp0s3  |   U   |
[   13.988101] cloud-init[663]: ci-info: +-------+-------------+---------+-----------+-------+
[   14.960638] cloud-init[663]: Generating public/private rsa key pair.
[   14.961555] cloud-init[663]: Your identification has been saved in /etc/ssh/ssh_host_rsa_key.
[   14.963429] cloud-init[663]: Your public key has been saved in /etc/ssh/ssh_host_rsa_key.pub.
[   14.976529] cloud-init[663]: The key fingerprint is:
[   14.977076] cloud-init[663]: SHA256:KNeLo/Ebb+mO8iydIs1Ak4ZaSMufBUDWRpwj3iAIiqE root@ubuntu-bionic
[   14.977824] cloud-init[663]: The key's randomart image is:
[   14.978294] cloud-init[663]: +---[RSA 2048]----+
[   14.979222] cloud-init[663]: |*+=..            |
[   14.979999] cloud-init[663]: |B= B             |
[   14.980802] cloud-init[663]: |Eo*.o            |
[   14.981734] cloud-init[663]: |o+*. . o         |
[   14.982645] cloud-init[663]: |.+..+ o S        |
[   14.983424] cloud-init[663]: |. .o o . .       |
[   14.984278] cloud-init[663]: |   +..+...       |
[   14.985206] cloud-init[663]: |  . *=o=o        |
[   14.986063] cloud-init[663]: |   ..=*=+        |
[   14.986978] cloud-init[663]: +----[SHA256]-----+
[   14.987971] cloud-init[663]: Generating public/private dsa key pair.
[   14.989031] cloud-init[663]: Your identification has been saved in /etc/ssh/ssh_host_dsa_key.
[   14.990440] cloud-init[663]: Your public key has been saved in /etc/ssh/ssh_host_dsa_key.pub.
[   14.992176] cloud-init[663]: The key fingerprint is:
[   14.992939] cloud-init[663]: SHA256:W3Rcg5GcjNdTUYBvfGn7c9hIUTeHSq3+OE1ianZkYsw root@ubuntu-bionic
[   14.994102] cloud-init[663]: The key's randomart image is:
[   14.994832] cloud-init[663]: +---[DSA 1024]----+
[   15.004352] cloud-init[663]: |           +.O+==|
[   15.005012] cloud-init[663]: |          ..X.=o+|
[   15.005679] cloud-init[663]: |          .oo= o=|
[   15.006350] cloud-init[663]: |         . .o =o.|
[   15.016547] cloud-init[663]: |        So.. ..o.|
[   15.017218] cloud-init[663]: |         oE * o. |
[   15.018165] cloud-init[663]: |        .. * B +.|
[   15.018817] cloud-init[663]: |          + + =.+|
[   15.019458] cloud-init[663]: |         o . .  o|
[   15.028290] cloud-init[663]: +----[SHA256]-----+
[   15.028909] cloud-init[663]: Generating public/private ecdsa key pair.
[   15.029800] cloud-init[663]: Your identification has been saved in /etc/ssh/ssh_host_ecdsa_key.
[   15.040289] cloud-init[663]: Your public key has been saved in /etc/ssh/ssh_host_ecdsa_key.pub.
[   15.041421] cloud-init[663]: The key fingerprint is:
[   15.042196] cloud-init[663]: SHA256:NuOz3wyddVQyJlrrtYN5d3OpR2IFHTKq2M2srXzOVHo root@ubuntu-bionic
[   15.043377] cloud-init[663]: The key's randomart image is:
[   15.044143] cloud-init[663]: +---[ECDSA 256]---+
[   15.044784] cloud-init[663]: |            o+=.o|
[   15.045501] cloud-init[663]: |           o.+++.|
[[0;32m  OK  [0m] Started Initial cloud-init job (metadata service crawler).
[[0;32m  OK  [0m] Reached target Network is Online.
[   15.062405] cloud-init[663]: |          ... ...|
[[   15.084687] cloud-init[663]: |        o =. +.o.|
[   15.084978] cloud-init[663]: |       .So +++=+=|
[   15.085712] cloud-init[663]: |       o oo.+++++|
[0;32m  OK  [0m] Reached target Remote File Systems (Pre).
[   15.086116] cloud-init[663]: |        o..+oE . |
[   15.087059] cloud-init[663]: |        .o+=. .  |
[   15.087666] cloud-init[663]: [[0;32m  OK  [0m] Reached target Remote File Systems.
|        .++oo    |
[   15.088308] cloud-init[663]: +----[SHA256]-----+
[   15.089350] cloud-init[663]: Generating public/private ed25519 key pair.
[   15.090288] cloud-init[663]: Your identification has been saved in /etc/ssh/ssh_host_ed25519_key.
[   15.091820] cloud-init[663]: Your public key has been saved in /etc/ssh/ssh_host_ed25519_key.pub.
[   15.093966] cloud-init[663]: The key fingerprint is:
[   15.094978] cloud-init[663]: SHA256:Sny/+5VF/IrthQWguI2VLKZiPaBaik99exshKansYcA root@ubuntu-bionic
[   15.096970] cloud-init[663]: The key's randomart image is:
[   15.098166] cloud-init[663]: +--[ED25519 256]--+
[   15.099059] cloud-init[663]: |            .    |
[   15.099862] cloud-init[663]: |         o o . . |
         [   15.100707] cloud-init[663]: |    .   + =   . o|
[   15.100928] cloud-init[663]: |.  . = + *     o.|
[   15.101508] cloud-init[663]: |.Eo = O S .     +|
[   15.102104] cloud-init[663]: |.* + + = o   o * |
[   15.102685] cloud-init[663]: |+ * . o . . . * .|
[   15.103248] cloud-init[663]: | = . . ... . o . |
[   15.103865] cloud-init[663]: |  o   ....oo. .  |
[   15.104834] cloud-init[663]: +----[SHA256]-----+
Starting Availability of block devices...
[[0;32m  OK  [0m] Reached target System Initialization.
         Starting LXD - unix socket.
[[0;32m  OK  [0m] Started Message of the Day.
[[0;32m  OK  [0m] Listening on UUID daemon activation socket.
[[0;32m  OK  [0m] Started ACPI Events Check.
[[0;32m  OK  [0m] Started Daily apt download activities.
[[0;32m  OK  [0m] Started Daily apt upgrade and clean activities.
[[0;32m  OK  [0m] Listening on D-Bus System Message Bus Socket.
[[0;32m  OK  [0m] Listening on ACPID Listen Socket.
         Starting Socket activation for snappy daemon.
[[0;32m  OK  [0m] Listening on Open-iSCSI iscsid Socket.
[[0;32m  OK  [0m] Started Daily Cleanup of Temporary Directories.
[[0;32m  OK  [0m] Reached target Paths.
[[0;32m  OK  [0m] Started Discard unused blocks once a week.
[[0;32m  OK  [0m] Reached target Timers.
[[0;32m  OK  [0m] Reached target Cloud-config availability.
[[0;32m  OK  [0m] Started Availability of block devices.
[[0;32m  OK  [0m] Listening on LXD - unix socket.
[[0;32m  OK  [0m] Listening on Socket activation for snappy daemon.
[[0;32m  OK  [0m] Reached target Sockets.
[[0;32m  OK  [0m] Reached target Basic System.
[[0;32m  OK  [0m] Started FUSE filesystem for LXC.
         Starting Virtualbox guest utils...
         Starting Accounts Service...
         Starting Pollinate to seed the pseudo random number generator...
         Starting LXD - container startup/shutdown...
         Starting Permit User Sessions...
[[0;32m  OK  [0m] Started irqbalance daemon.
         Starting Snappy daemon...
[[0;32m  OK  [0m] Started Regular background program processing daemon.
         Starting LSB: automatic crash report generation...
[[0;32m  OK  [0m] Started D-Bus System Message Bus.
         Starting System Logging Service...
         Starting LSB: Record successful boot for GRUB...
[[0;32m  OK  [0m] Started Deferred execution scheduler.
         Starting Login Service...
         Starting Dispatcher daemon for systemd-networkd...
[[0;32m  OK  [0m] Started System Logging Service.
[[0;32m  OK  [0m] Started LXD - container startup/shutdown.
[[0;32m  OK  [0m] Started Permit User Sessions.
[[0;32m  OK  [0m] Started Login Service.
[[0;32m  OK  [0m] Started Unattended Upgrades Shutdown.
         Starting Authorization Manager...
         Starting Hold until boot process finishes up...
         Starting Terminate Plymouth Boot Screen...
[[0;32m  OK  [0m] Started Hold until boot process finishes up.
[[0;32m  OK  [0m] Started Terminate Plymouth Boot Screen.
[[0;32m  OK  [0m] Started Serial Getty on ttyS0.
         Starting Set console scheme...
[[0;32m  OK  [0m] Started Set console scheme.
[[0;32m  OK  [0m] Created slice system-getty.slice.
[[0;32m  OK  [0m] Started Getty on tty1.
[[0;32m  OK  [0m] Reached target Login Prompts.
[[0;32m  OK  [0m] Started LSB: Record successful boot for GRUB.
[[0;32m  OK  [0m] Started Virtualbox guest utils.
[[0;32m  OK  [0m] Started LSB: automatic crash report generation.
[[0;32m  OK  [0m] Started Authorization Manager.
[[0;32m  OK  [0m] Started Accounts Service.
[[0;32m  OK  [0m] Started Dispatcher daemon for systemd-networkd.
[[0;32m  OK  [0m] Started Pollinate to seed the pseudo random number generator.
[[0;32m  OK  [0m] Started Snappy daemon.
         Starting Wait until snapd is fully seeded...
         Starting OpenBSD Secure Shell server...
[[0;32m  OK  [0m] Started OpenBSD Secure Shell server.
[[0;32m  OK  [0m] Started Wait until snapd is fully seeded.
         Starting Apply the settings specified in cloud-config...
[[0;32m  OK  [0m] Reached target Multi-User System.
[[0;32m  OK  [0m] Reached target Graphical Interface.
         Starting Update UTMP about System Runlevel Changes...
[[0;32m  OK  [0m] Started Update UTMP about System Runlevel Changes.
[   18.231941] cloud-init[1160]: Cloud-init v. 19.3-41-gc4735dd3-0ubuntu1~18.04.1 running 'modules:config' at Tue, 21 Jan 2020 15:18:05 +0000. Up 17.61 seconds.
[[0;32m  OK  [0m] Started Apply the settings specified in cloud-config.
         Starting Execute cloud user/final scripts...
[[0;32m  OK  [0m] Created slice User Slice of vagrant.
         Starting User Manager for UID 1000...
[[0;32m  OK  [0m] Started Session 1 of user vagrant.
[[0;32m  OK  [0m] Started User Manager for UID 1000.
ci-info: no authorized ssh keys fingerprints found for user ubuntu.
<14>Jan 21 15:18:06 ec2: 
<14>Jan 21 15:18:06 ec2: #############################################################
<14>Jan 21 15:18:06 ec2: -----BEGIN SSH HOST KEY FINGERPRINTS-----
<14>Jan 21 15:18:06 ec2: 1024 SHA256:W3Rcg5GcjNdTUYBvfGn7c9hIUTeHSq3+OE1ianZkYsw root@ubuntu-bionic (DSA)
<14>Jan 21 15:18:06 ec2: 256 SHA256:NuOz3wyddVQyJlrrtYN5d3OpR2IFHTKq2M2srXzOVHo root@ubuntu-bionic (ECDSA)
<14>Jan 21 15:18:06 ec2: 256 SHA256:Sny/+5VF/IrthQWguI2VLKZiPaBaik99exshKansYcA root@ubuntu-bionic (ED25519)
<14>Jan 21 15:18:06 ec2: 2048 SHA256:KNeLo/Ebb+mO8iydIs1Ak4ZaSMufBUDWRpwj3iAIiqE root@ubuntu-bionic (RSA)
<14>Jan 21 15:18:06 ec2: -----END SSH HOST KEY FINGERPRINTS-----
<14>Jan 21 15:18:06 ec2: #############################################################
-----BEGIN SSH HOST KEY KEYS-----
ecdsa-sha2-nistp256 AAAAE2VjZHNhLXNoYTItbmlzdHAyNTYAAAAIbmlzdHAyNTYAAABBBCjpjXXMzJxn0aiLKgaAGNkYFgh+9gCh1mLRrYqZL+mXaGHaD1Pbhj9OtAZtyfy+L5cKs2kDOK0oVegA273bXq8= root@ubuntu-bionic
ssh-ed25519 AAAAC3NzaC1lZDI1NTE5AAAAIEu1ojxIRX0tMzIGFvAJ5AiHcTLofpjq04MHBhebjfzI root@ubuntu-bionic
ssh-rsa AAAAB3NzaC1yc2EAAAADAQABAAABAQCe3K7c5NpG9glZXd6SNPByOo5xc8RmbUFm4A+nBH7NSMxA0ZEumUiNrFlWC8ic4pUlm3nXtnasf9FW5XuHClK73BfSQKWDvXOF9XnXvPqICsOIznzy2qfeOemCZ2g4M6IKYGXyLyviVTD0qcPF/8wtc/YcG1ppXHig+FdwfcWb3Ksa3wv1byr/5ADU4S19MIh0J9CaUQuxdTMgeoxYY4WtZ92TPrbjcInSQmsN2LH2kOfJ++NOlSzo3/LwaAP0eANg8QuVv5rqOo1OT1l0CCSmzPRsg0XvcikOmsG2F4noGrMxob2EZfNRNWyQKz3cTejdEMGuByDmyQ57sKHKRJS/ root@ubuntu-bionic
-----END SSH HOST KEY KEYS-----
[   19.224756] cloud-init[1211]: Cloud-init v. 19.3-41-gc4735dd3-0ubuntu1~18.04.1 running 'modules:final' at Tue, 21 Jan 2020 15:18:06 +0000. Up 18.95 seconds.
[   19.236264] cloud-init[1211]: ci-info: no authorized ssh keys fingerprints found for user ubuntu.
[   19.237391] cloud-init[1211]: Cloud-init v. 19.3-41-gc4735dd3-0ubuntu1~18.04.1 finished at Tue, 21 Jan 2020 15:18:06 +0000. Datasource DataSourceNoCloud [seed=/dev/sdb][dsmode=net].  Up 19.21 seconds
[[0;32m  OK  [0m] Started Execute cloud user/final scripts.
[[0;32m  OK  [0m] Reached target Cloud-init target.

Ubuntu 18.04.3 LTS ubuntu-bionic ttyS0

ubuntu-bionic login: 